Information: Propagating switching activity (low effort zero delay simulation). (PWR-6)
Warning: There is no defined clock in the design. (PWR-80)
Warning: Design has unannotated primary inputs. (PWR-414)
Warning: Design has unannotated sequential cell outputs. (PWR-415)
 
****************************************
Report : power
        -analysis_effort low
Design : my_adder
Version: V-2023.12-SP5
Date   : Mon Apr  7 23:04:41 2025
****************************************


Library(s) Used:

    saed32lvt_tt0p85v25c (File: /cae/apps/data/saed32_edk-2023/lib/stdcell_lvt/db_nldm/saed32lvt_tt0p85v25c.db)


Operating Conditions: tt0p85v25c   Library: saed32lvt_tt0p85v25c
Wire Load Model Mode: enclosed

Design        Wire Load Model            Library
------------------------------------------------
my_adder               8000              saed32lvt_tt0p85v25c
my_adder_DW01_add_0    ForQA             saed32lvt_tt0p85v25c


Global Operating Voltage = 0.85 
Power-specific unit information :
    Voltage Units = 1V
    Capacitance Units = 1.000000ff
    Time Units = 1ns
    Dynamic Power Units = 1uW    (derived from V,C,T units)
    Leakage Power Units = 1pW


Attributes
----------
i - Including register clock pin internal power


  Cell Internal Power  =  13.5314 uW   (97%)
  Net Switching Power  = 374.2380 nW    (3%)
                         ---------
Total Dynamic Power    =  13.9057 uW  (100%)

Cell Leakage Power     =  43.1573 uW

Information: report_power power group summary does not include estimated clock tree power. (PWR-789)

                 Internal         Switching           Leakage            Total
Power Group      Power            Power               Power              Power   (   %    )  Attrs
--------------------------------------------------------------------------------------------------
io_pad             0.0000            0.0000            0.0000            0.0000  (   0.00%)
memory             0.0000            0.0000            0.0000            0.0000  (   0.00%)
black_box          0.0000            0.0000            0.0000            0.0000  (   0.00%)
clock_network      0.0000            0.0000            0.0000            0.0000  (   0.00%)  i
register           0.0000            0.0000            0.0000            0.0000  (   0.00%)
sequential        13.1427            0.2821        2.7326e+07           40.7503  (  71.41%)
combinational      0.3887        9.2169e-02        1.5832e+07           16.3127  (  28.59%)
--------------------------------------------------------------------------------------------------
Total             13.5314 uW         0.3742 uW     4.3157e+07 pW        57.0630 uW
1
